// Jest Snapshot v1, https://goo.gl/fbAQLP

exports[`basic component properties can handle empty props 1`] = `
"function anonymous(tree, ctx
) {
    // Template: \`<div><Child val=\\"\\"/></div>\`
    const vn1 = tree.child = {type: 0, tag: \\"div\\", el: null, children: [], attrs: {}, key: 1};
    vn1.children.push(this.makeComponent(tree, \\"Child\\", ctx));
}"
`;
