// Jest Snapshot v1, https://goo.gl/fbAQLP

exports[`component composition various update scenarios reconciliation alg works for t-foreach in t-foreach 1`] = `
"function anonymous(ctx, metadata
) {
    // Template: \`__template__30\`
    const vn2 = {type: 2, tag: \\"div\\", children: [], key: \`k1\`};
    let _4 = ctx['state'].s;
    let length3 = _4.length;
    ctx = Object.create(ctx);
    for (let i0 = 0; i0 < length3; i0++) {
        ctx.section_first = i0 === 0;
        ctx.section_last = i0 === length3 - 1;
        ctx.section = _4[i0];
        ctx.section_index = i0;
        ctx.section_value = _4[i0];
        let _6 = ctx['section'].blips;
        let length5 = _6.length;
        ctx = Object.create(ctx);
        for (let i1 = 0; i1 < length5; i1++) {
            ctx.blip_first = i1 === 0;
            ctx.blip_last = i1 === length5 - 1;
            ctx.blip = _6[i1];
            ctx.blip_index = i1;
            ctx.blip_value = _6[i1];
            let _7 = {blip:ctx['blip']};
            const vn9 = this.makeComponent(\`k8__\${i0}__\${i1}\`, metadata, \\"Child\\", ctx, _7);
            vn2.children.push(vn9);
        }
        ctx = ctx.__proto__;
    }
    ctx = ctx.__proto__;
    return vn2;
}"
`;

exports[`component composition various update scenarios reconciliation alg works for t-foreach in t-foreach, 2 1`] = `
"function anonymous(ctx, metadata
) {
    // Template: \`__template__32\`
    const vn2 = {type: 2, tag: \\"div\\", children: [], key: \`k1\`};
    let _4 = ctx['state'].rows;
    let length3 = _4.length;
    ctx = Object.create(ctx);
    for (let i0 = 0; i0 < length3; i0++) {
        ctx.row_first = i0 === 0;
        ctx.row_last = i0 === length3 - 1;
        ctx.row = _4[i0];
        ctx.row_index = i0;
        ctx.row_value = _4[i0];
        let key5 = ctx['row'];
        const vn7 = {type: 2, tag: \\"p\\", children: [], key: \`k6__\${key5}\`};
        vn2.children.push(vn7);
        let _9 = ctx['state'].cols;
        let length8 = _9.length;
        ctx = Object.create(ctx);
        for (let i1 = 0; i1 < length8; i1++) {
            ctx.col_first = i1 === 0;
            ctx.col_last = i1 === length8 - 1;
            ctx.col = _9[i1];
            ctx.col_index = i1;
            ctx.col_value = _9[i1];
            let key10 = ctx['col'];
            const vn12 = {type: 2, tag: \\"p\\", children: [], key: \`k11__\${key10}\`};
            vn7.children.push(vn12);
            let _13 = {row:ctx['row'],col:ctx['col']};
            const vn15 = this.makeComponent(\`k14__\${key5}__\${key10}\`, metadata, \\"Child\\", ctx, _13);
            vn12.children.push(vn15);
        }
        ctx = ctx.__proto__;
    }
    ctx = ctx.__proto__;
    return vn2;
}"
`;

exports[`component composition various update scenarios same t-keys in two different places 1`] = `
"function anonymous(ctx, metadata
) {
    // Template: \`__template__34\`
    const vn2 = {type: 2, tag: \\"div\\", children: [], key: \`k1\`};
    const vn4 = {type: 2, tag: \\"div\\", children: [], key: \`k3\`};
    vn2.children.push(vn4);
    let key5 = 1;
    let _6 = {blip:'1'};
    const vn8 = this.makeComponent(\`k7__\${key5}\`, metadata, \\"Child\\", ctx, _6);
    vn4.children.push(vn8);
    const vn10 = {type: 2, tag: \\"div\\", children: [], key: \`k9\`};
    vn2.children.push(vn10);
    let key11 = 1;
    let _12 = {blip:'2'};
    const vn14 = this.makeComponent(\`k13__\${key11}\`, metadata, \\"Child\\", ctx, _12);
    vn10.children.push(vn14);
    return vn2;
}"
`;

exports[`component composition various update scenarios t-key on a component with t-if, and a sibling component 1`] = `
"function anonymous(ctx, metadata
) {
    // Template: \`__template__36\`
    const vn2 = {type: 2, tag: \\"div\\", children: [], key: \`k1\`};
    if (false) {
        let key3 = 'str';
        let _4 = {};
        const vn6 = this.makeComponent(\`k5__\${key3}\`, metadata, \\"Child\\", ctx, _4);
        vn2.children.push(vn6);
    }
    let _7 = {};
    const vn9 = this.makeComponent(\`k8\`, metadata, \\"Child\\", ctx, _7);
    vn2.children.push(vn9);
    return vn2;
}"
`;
